[2024-02-10T17:06:32.957+0700][info][gc] Using Serial
[2024-02-10T17:06:36.740+0700][info][gc] GC(0) Pause Young (Allocation Failure) 4M->2M(15M) 4.409ms
[2024-02-10T17:06:36.830+0700][info][gc] GC(1) Pause Young (Allocation Failure) 6M->3M(15M) 2.824ms
[2024-02-10T17:06:36.892+0700][info][gc] GC(2) Pause Young (Allocation Failure) 7M->4M(15M) 3.448ms
[2024-02-10T17:06:37.759+0700][info][gc] GC(3) Pause Young (Allocation Failure) 8M->4M(15M) 2.620ms
[2024-02-10T17:06:38.984+0700][info][gc] GC(4) Pause Young (Allocation Failure) 9M->5M(15M) 4.169ms
[2024-02-10T17:06:55.345+0700][info][gc] GC(5) Pause Young (Allocation Failure) 9M->5M(15M) 1.902ms
[2024-02-10T17:06:55.366+0700][info][gc] GC(6) Pause Young (Allocation Failure) 10M->5M(15M) 0.556ms
[2024-02-10T17:06:55.393+0700][info][gc] GC(7) Pause Young (Allocation Failure) 10M->5M(15M) 0.838ms
[2024-02-10T17:06:55.408+0700][info][gc] GC(8) Pause Young (Allocation Failure) 10M->5M(15M) 1.037ms
[2024-02-10T17:06:55.420+0700][info][gc] GC(9) Pause Young (Allocation Failure) 10M->5M(15M) 0.897ms
[2024-02-10T17:06:55.431+0700][info][gc] GC(10) Pause Young (Allocation Failure) 10M->5M(15M) 0.662ms
[2024-02-10T17:06:59.987+0700][info][gc] GC(11) Pause Young (Allocation Failure) 10M->5M(15M) 0.582ms
[2024-02-10T17:07:36.002+0700][info][gc] GC(12) Pause Young (Allocation Failure) 10M->5M(15M) 0.895ms
[2024-02-10T17:08:14.024+0700][info][gc] GC(13) Pause Young (Allocation Failure) 10M->5M(15M) 0.871ms
[2024-02-10T17:08:51.045+0700][info][gc] GC(14) Pause Young (Allocation Failure) 10M->5M(15M) 0.940ms
